Component: ARM Compiler 5.06 update 4 (build 422) Tool: armlink [4d35d2]

==============================================================================

Section Cross References

    rtx_config.o(i.os_tmr_init) refers to rtx_config.o(i.os_def_interrupt) for os_def_interrupt
    rtx_config.o(i.os_tmr_init) refers to hal_arm.o(.emb_text) for os_clock_interrupt
    startup.o(RESET) refers to hal_arm.o(.emb_text) for SWI_Handler
    startup.o(RESET) refers to startup.o(STACK) for Stack_Top
    startup.o(RESET) refers to entry.o(.ARM.Collect$$$$00000000) for __main
    project5.o(i.job1) refers to rt_task.o(i.os_tsk_prio) for os_tsk_prio
    project5.o(i.job1) refers to rt_task.o(i.os_tsk_self) for os_tsk_self
    project5.o(i.job1) refers to rt_task.o(i.os_tsk_create0) for os_tsk_create0
    project5.o(i.job1) refers to rt_event.o(i.os_evt_wait) for os_evt_wait
    project5.o(i.job1) refers to rt_time.o(i.os_dly_wait) for os_dly_wait
    project5.o(i.job1) refers to project5.o(.data) for tsk1
    project5.o(i.job1) refers to project5.o(i.job2) for job2
    project5.o(i.job2) refers to rt_time.o(i.os_dly_wait) for os_dly_wait
    project5.o(i.job2) refers to rt_event.o(i.os_evt_set) for os_evt_set
    project5.o(i.job2) refers to project5.o(.data) for i
    project5.o(i.main) refers to hal_arm.o(.emb_text) for os_sys_init0
    project5.o(i.main) refers to project5.o(.data) for cnt1
    project5.o(i.main) refers to project5.o(i.job1) for job1
    rt_task.o(i.os_block) refers to rt_list.o(i.os_put_dly) for os_put_dly
    rt_task.o(i.os_block) refers to rt_list.o(i.os_get_first) for os_get_first
    rt_task.o(i.os_block) refers to rt_task.o(.data) for .data
    rt_task.o(i.os_block) refers to rt_list.o(.bss) for os_rdy
    rt_task.o(i.os_dispatch) refers to rt_list.o(i.os_put_rdy_first) for os_put_rdy_first
    rt_task.o(i.os_dispatch) refers to rt_list.o(i.os_get_first) for os_get_first
    rt_task.o(i.os_dispatch) refers to rt_list.o(i.os_put_prio) for os_put_prio
    rt_task.o(i.os_dispatch) refers to rt_task.o(.data) for .data
    rt_task.o(i.os_dispatch) refers to rt_list.o(.bss) for os_rdy
    rt_task.o(i.os_init_context) refers to hal_arm.o(i.os_init_stack) for os_init_stack
    rt_task.o(i.os_init_context) refers to rtx_config.o(.bss) for mp_stk
    rt_task.o(i.os_sys_init1) refers to rt_membox.o(i._init_box) for _init_box
    rt_task.o(i.os_sys_init1) refers to rt_task.o(i.os_init_context) for os_init_context
    rt_task.o(i.os_sys_init1) refers to hal_arm.o(.emb_text) for os_set_env
    rt_task.o(i.os_sys_init1) refers to rtx_config.o(i.os_tmr_init) for os_tmr_init
    rt_task.o(i.os_sys_init1) refers to rt_robin.o(i.os_init_robin) for os_init_robin
    rt_task.o(i.os_sys_init1) refers to rtx_config.o(i.os_idle_demon) for os_idle_demon
    rt_task.o(i.os_sys_init1) refers to rtx_config.o(.bss) for os_active_TCB
    rt_task.o(i.os_sys_init1) refers to rtx_config.o(.constdata) for os_maxtaskrun
    rt_task.o(i.os_sys_init1) refers to rtx_config.o(.data) for m_tmr
    rt_task.o(i.os_sys_init1) refers to rt_task.o(.bss) for .bss
    rt_task.o(i.os_sys_init1) refers to rt_list.o(.bss) for os_rdy
    rt_task.o(i.os_sys_init1) refers to rt_task.o(.data) for .data
    rt_task.o(i.os_sys_init1) refers to rt_task.o(i.os_tsk_create0) for os_tsk_create0
    rt_task.o(i.os_tsk_create0) refers to rt_task.o(i.os_init_context) for os_init_context
    rt_task.o(i.os_tsk_create0) refers to rt_task.o(i.os_dispatch) for os_dispatch
    rt_task.o(i.os_tsk_create0) refers to rtx_config.o(i.tsk_unlock) for tsk_unlock
    rt_task.o(i.os_tsk_create0) refers to rtx_config.o(.bss) for mp_tcb
    rt_task.o(i.os_tsk_create0) refers to rtx_config.o(.constdata) for os_maxtaskrun
    rt_task.o(i.os_tsk_create_ex0) refers to rt_task.o(i.os_tsk_create0) for os_tsk_create0
    rt_task.o(i.os_tsk_delete) refers to hal_arm.o(i.os_stk_check) for os_stk_check
    rt_task.o(i.os_tsk_delete) refers to rt_list.o(i.os_get_first) for os_get_first
    rt_task.o(i.os_tsk_delete) refers to rt_list.o(i.os_rmv_dly) for os_rmv_dly
    rt_task.o(i.os_tsk_delete) refers to rt_list.o(i.os_put_prio) for os_put_prio
    rt_task.o(i.os_tsk_delete) refers to rt_list.o(i.os_rmv_list) for os_rmv_list
    rt_task.o(i.os_tsk_delete) refers to rtx_config.o(i.tsk_unlock) for tsk_unlock
    rt_task.o(i.os_tsk_delete) refers to rt_task.o(i.os_dispatch) for os_dispatch
    rt_task.o(i.os_tsk_delete) refers to rtx_config.o(.bss) for os_active_TCB
    rt_task.o(i.os_tsk_delete) refers to rt_task.o(.data) for .data
    rt_task.o(i.os_tsk_delete) refers to rt_list.o(.bss) for os_rdy
    rt_task.o(i.os_tsk_delete) refers to rtx_config.o(.constdata) for os_maxtaskrun
    rt_task.o(i.os_tsk_pass) refers to rt_list.o(i.os_get_same_rdy_prio) for os_get_same_rdy_prio
    rt_task.o(i.os_tsk_pass) refers to rt_list.o(i.os_put_prio) for os_put_prio
    rt_task.o(i.os_tsk_pass) refers to rtx_config.o(i.tsk_unlock) for tsk_unlock
    rt_task.o(i.os_tsk_pass) refers to rt_task.o(.data) for .data
    rt_task.o(i.os_tsk_pass) refers to rt_list.o(.bss) for os_rdy
    rt_task.o(i.os_tsk_prio) refers to rt_list.o(i.os_put_prio) for os_put_prio
    rt_task.o(i.os_tsk_prio) refers to rtx_config.o(i.tsk_unlock) for tsk_unlock
    rt_task.o(i.os_tsk_prio) refers to rt_list.o(i.os_resort_prio) for os_resort_prio
    rt_task.o(i.os_tsk_prio) refers to rt_list.o(i.os_get_first) for os_get_first
    rt_task.o(i.os_tsk_prio) refers to rt_task.o(i.os_dispatch) for os_dispatch
    rt_task.o(i.os_tsk_prio) refers to rt_task.o(.data) for .data
    rt_task.o(i.os_tsk_prio) refers to rtx_config.o(.constdata) for os_maxtaskrun
    rt_task.o(i.os_tsk_prio) refers to rtx_config.o(.bss) for os_active_TCB
    rt_task.o(i.os_tsk_prio) refers to rt_list.o(.bss) for os_rdy
    rt_task.o(i.os_tsk_self) refers to rt_task.o(.data) for .data
    rt_time.o(i.os_dly_wait) refers to rt_task.o(i.os_block) for os_block
    rt_time.o(i.os_dly_wait) refers to rtx_config.o(i.tsk_unlock) for tsk_unlock
    rt_time.o(i.os_itv_set) refers to rt_task.o(.data) for os_runtask
    rt_time.o(i.os_itv_set) refers to rt_time.o(.data) for .data
    rt_time.o(i.os_itv_wait) refers to rt_task.o(i.os_block) for os_block
    rt_time.o(i.os_itv_wait) refers to rtx_config.o(i.tsk_unlock) for tsk_unlock
    rt_time.o(i.os_itv_wait) refers to rt_task.o(.data) for os_runtask
    rt_time.o(i.os_itv_wait) refers to rt_time.o(.data) for .data
    rt_time.o(i.os_time_get) refers to rt_time.o(.data) for .data
    rt_event.o(i.isr_evt_set) refers to rt_list.o(i.os_psq_enq) for os_psq_enq
    rt_event.o(i.isr_evt_set) refers to rt_system.o(i.os_psh_req) for os_psh_req
    rt_event.o(i.isr_evt_set) refers to rtx_config.o(.bss) for os_active_TCB
    rt_event.o(i.os_evt_clr) refers to rtx_config.o(i.tsk_unlock) for tsk_unlock
    rt_event.o(i.os_evt_clr) refers to rtx_config.o(.bss) for os_active_TCB
    rt_event.o(i.os_evt_get) refers to rt_task.o(.data) for os_runtask
    rt_event.o(i.os_evt_psh) refers to rt_list.o(i.os_rmv_dly) for os_rmv_dly
    rt_event.o(i.os_evt_psh) refers to rt_list.o(i.os_put_prio) for os_put_prio
    rt_event.o(i.os_evt_psh) refers to rt_list.o(.bss) for os_rdy
    rt_event.o(i.os_evt_set) refers to rt_list.o(i.os_rmv_dly) for os_rmv_dly
    rt_event.o(i.os_evt_set) refers to rt_task.o(i.os_dispatch) for os_dispatch
    rt_event.o(i.os_evt_set) refers to rtx_config.o(i.tsk_unlock) for tsk_unlock
    rt_event.o(i.os_evt_set) refers to rtx_config.o(.bss) for os_active_TCB
    rt_event.o(i.os_evt_wait) refers to rt_task.o(i.os_block) for os_block
    rt_event.o(i.os_evt_wait) refers to rtx_config.o(i.tsk_unlock) for tsk_unlock
    rt_event.o(i.os_evt_wait) refers to rt_task.o(.data) for os_runtask
    hal_arm.o(.emb_text) refers to hal_arm.o(.data) for sys_stktop
    hal_arm.o(.emb_text) refers to rt_task.o(i.os_sys_init1) for os_sys_init1
    hal_arm.o(.emb_text) refers to hal_arm.o(.data) for sys_mode
    hal_arm.o(.emb_text) refers to rtx_config.o(i.os_irq_ack_lock) for os_irq_ack_lock
    hal_arm.o(.emb_text) refers to rt_system.o(.data) for os_psh
    hal_arm.o(.emb_text) refers to rt_system.o(i.os_sys_manager) for os_sys_manager
    hal_arm.o(.emb_text) refers to rtx_config.o(i.tsk_unlock) for tsk_unlock
    hal_arm.o(.emb_text) refers to swi_table.o(SWI_TABLE) for SWI_Table
    hal_arm.o(i.__SWI_0) refers to hal_arm.o(i.os_stk_check) for os_stk_check
    hal_arm.o(i.__SWI_0) refers to rtx_config.o(i.tsk_unlock) for tsk_unlock
    hal_arm.o(i.__SWI_0) refers to hal_arm.o(.emb_text) for os_switch_tasks_ret
    hal_arm.o(i.__SWI_0) refers to rt_task.o(.data) for os_runtask
    hal_arm.o(i.os_init_stack) refers to rtx_config.o(.constdata) for os_stackinfo
    hal_arm.o(i.os_init_stack) refers to hal_arm.o(.data) for .data
    hal_arm.o(i.os_stk_check) refers to rtx_config.o(i.os_error) for os_error
    hal_arm.o(i.os_stk_check) refers to rt_task.o(.data) for os_runtask
    rt_system.o(i.os_psh_req) refers to rtx_config.o(i.os_tmr_inspect_ovf) for os_tmr_inspect_ovf
    rt_system.o(i.os_psh_req) refers to rtx_config.o(i.os_tmr_inspect_cnt) for os_tmr_inspect_cnt
    rt_system.o(i.os_psh_req) refers to rtx_config.o(i.os_tmr_force_irq) for os_tmr_force_irq
    rt_system.o(i.os_psh_req) refers to rt_system.o(.data) for .data
    rt_system.o(i.os_resume) refers to rt_list.o(i.os_put_rdy_first) for os_put_rdy_first
    rt_system.o(i.os_resume) refers to rt_list.o(i.os_dec_dly) for os_dec_dly
    rt_system.o(i.os_resume) refers to rt_timer.o(i.os_tmr_tick) for os_tmr_tick
    rt_system.o(i.os_resume) refers to rt_task.o(i.os_dispatch) for os_dispatch
    rt_system.o(i.os_resume) refers to rtx_config.o(i.tsk_unlock) for tsk_unlock
    rt_system.o(i.os_resume) refers to rt_task.o(.data) for os_runtask
    rt_system.o(i.os_resume) refers to rt_robin.o(.data) for os_robin
    rt_system.o(i.os_resume) refers to rt_list.o(.bss) for os_dly
    rt_system.o(i.os_resume) refers to rt_time.o(.data) for os_time
    rt_system.o(i.os_resume) refers to rt_timer.o(.data) for os_tmr
    rt_system.o(i.os_suspend) refers to rt_list.o(.bss) for os_dly
    rt_system.o(i.os_suspend) refers to rt_timer.o(.data) for os_tmr
    rt_system.o(i.os_sys_manager) refers to rt_list.o(i.os_put_rdy_first) for os_put_rdy_first
    rt_system.o(i.os_sys_manager) refers to rtx_config.o(i.os_tmr_inspect_cnt) for os_tmr_inspect_cnt
    rt_system.o(i.os_sys_manager) refers to rtx_config.o(i.os_tmr_inspect_ovf) for os_tmr_inspect_ovf
    rt_system.o(i.os_sys_manager) refers to rt_robin.o(i.os_chk_robin) for os_chk_robin
    rt_system.o(i.os_sys_manager) refers to rt_list.o(i.os_dec_dly) for os_dec_dly
    rt_system.o(i.os_sys_manager) refers to rt_semaphore.o(i.os_sem_psh) for os_sem_psh
    rt_system.o(i.os_sys_manager) refers to hal_arm.o(.emb_text) for _dec_qc
    rt_system.o(i.os_sys_manager) refers to rt_timer.o(i.os_tmr_tick) for os_tmr_tick
    rt_system.o(i.os_sys_manager) refers to hal_arm.o(i.os_stk_check) for os_stk_check
    rt_system.o(i.os_sys_manager) refers to rt_list.o(i.os_get_first) for os_get_first
    rt_system.o(i.os_sys_manager) refers to rt_event.o(i.os_evt_psh) for os_evt_psh
    rt_system.o(i.os_sys_manager) refers to rt_mailbox.o(i.os_mbx_psh) for os_mbx_psh
    rt_system.o(i.os_sys_manager) refers to rt_task.o(.data) for os_runtask
    rt_system.o(i.os_sys_manager) refers to rt_system.o(.data) for .data
    rt_system.o(i.os_sys_manager) refers to rt_time.o(.data) for os_time
    rt_system.o(i.os_sys_manager) refers to rtx_config.o(.bss) for os_fifo
    rt_system.o(i.os_sys_manager) refers to rt_list.o(.bss) for os_rdy
    rt_list.o(i.os_dec_dly) refers to rt_list.o(i.os_put_prio) for os_put_prio
    rt_list.o(i.os_dec_dly) refers to rt_list.o(.bss) for .bss
    rt_list.o(i.os_dec_dly) refers to rt_time.o(.data) for os_time
    rt_list.o(i.os_get_same_rdy_prio) refers to rt_list.o(.bss) for .bss
    rt_list.o(i.os_get_same_rdy_prio) refers to rt_task.o(.data) for os_runtask
    rt_list.o(i.os_psq_enq) refers to hal_arm.o(.emb_text) for _inc_qi
    rt_list.o(i.os_psq_enq) refers to rtx_config.o(i.os_error) for os_error
    rt_list.o(i.os_psq_enq) refers to rtx_config.o(.bss) for os_fifo
    rt_list.o(i.os_put_dly) refers to rt_list.o(.bss) for .bss
    rt_list.o(i.os_put_rdy_first) refers to rt_list.o(.bss) for .bss
    rt_list.o(i.os_resort_prio) refers to rt_list.o(i.os_rmv_list) for os_rmv_list
    rt_list.o(i.os_resort_prio) refers to rt_list.o(i.os_put_prio) for os_put_prio
    rt_list.o(i.os_resort_prio) refers to rt_list.o(.bss) for .bss
    rt_list.o(i.os_rmv_list) refers to rt_list.o(.bss) for .bss
    rt_robin.o(i.os_chk_robin) refers to rt_list.o(i.os_get_first) for os_get_first
    rt_robin.o(i.os_chk_robin) refers to rt_list.o(i.os_put_prio) for os_put_prio
    rt_robin.o(i.os_chk_robin) refers to rt_robin.o(.data) for .data
    rt_robin.o(i.os_chk_robin) refers to rt_list.o(.bss) for os_rdy
    rt_robin.o(i.os_chk_robin) refers to rt_time.o(.data) for os_time
    rt_robin.o(i.os_init_robin) refers to rt_robin.o(.data) for .data
    rt_robin.o(i.os_init_robin) refers to rtx_config.o(.constdata) for os_rrobin
    swi_table.o(SWI_TABLE) refers to hal_arm.o(i.__SWI_0) for __SWI_0
    swi_table.o(SWI_TABLE) refers to rt_membox.o(i.__SWI_1) for __SWI_1
    swi_table.o(SWI_TABLE) refers to rt_membox.o(i.__SWI_2) for __SWI_2
    swi_table.o(SWI_TABLE) refers to hal_arm.o(i.__SWI_3) for __SWI_3
    swi_table.o(SWI_TABLE) refers to hal_arm.o(i.__SWI_4) for __SWI_4
    swi_table.o(SWI_TABLE) refers to rtx_config.o(i.__SWI_5) for __SWI_5
    swi_table.o(SWI_TABLE) refers to hal_arm.o(i.__SWI_6) for __SWI_6
    swi_table.o(SWI_TABLE) refers to hal_arm.o(i.__SWI_7) for __SWI_7
    rt_mailbox.o(i.isr_mbx_receive) refers to rt_list.o(i.os_psq_enq) for os_psq_enq
    rt_mailbox.o(i.isr_mbx_receive) refers to rt_system.o(i.os_psh_req) for os_psh_req
    rt_mailbox.o(i.isr_mbx_send) refers to rt_list.o(i.os_psq_enq) for os_psq_enq
    rt_mailbox.o(i.isr_mbx_send) refers to rt_system.o(i.os_psh_req) for os_psh_req
    rt_mailbox.o(i.os_mbx_init) refers to rtx_config.o(i.tsk_unlock) for tsk_unlock
    rt_mailbox.o(i.os_mbx_psh) refers to rt_list.o(i.os_get_first) for os_get_first
    rt_mailbox.o(i.os_mbx_psh) refers to rt_list.o(i.os_rmv_dly) for os_rmv_dly
    rt_mailbox.o(i.os_mbx_psh) refers to rt_list.o(i.os_put_prio) for os_put_prio
    rt_mailbox.o(i.os_mbx_psh) refers to rtx_config.o(i.os_error) for os_error
    rt_mailbox.o(i.os_mbx_psh) refers to rt_list.o(.bss) for os_rdy
    rt_mailbox.o(i.os_mbx_send) refers to rt_list.o(i.os_put_prio) for os_put_prio
    rt_mailbox.o(i.os_mbx_send) refers to rt_list.o(i.os_get_first) for os_get_first
    rt_mailbox.o(i.os_mbx_send) refers to rt_list.o(i.os_rmv_dly) for os_rmv_dly
    rt_mailbox.o(i.os_mbx_send) refers to rt_task.o(i.os_dispatch) for os_dispatch
    rt_mailbox.o(i.os_mbx_send) refers to rt_task.o(i.os_block) for os_block
    rt_mailbox.o(i.os_mbx_send) refers to rtx_config.o(i.tsk_unlock) for tsk_unlock
    rt_mailbox.o(i.os_mbx_send) refers to rt_task.o(.data) for os_runtask
    rt_mailbox.o(i.os_mbx_wait) refers to rt_list.o(i.os_get_first) for os_get_first
    rt_mailbox.o(i.os_mbx_wait) refers to rt_list.o(i.os_rmv_dly) for os_rmv_dly
    rt_mailbox.o(i.os_mbx_wait) refers to rt_task.o(i.os_dispatch) for os_dispatch
    rt_mailbox.o(i.os_mbx_wait) refers to rtx_config.o(i.tsk_unlock) for tsk_unlock
    rt_mailbox.o(i.os_mbx_wait) refers to rt_list.o(i.os_put_prio) for os_put_prio
    rt_mailbox.o(i.os_mbx_wait) refers to rt_task.o(i.os_block) for os_block
    rt_mailbox.o(i.os_mbx_wait) refers to rt_task.o(.data) for os_runtask
    rt_semaphore.o(i.isr_sem_send) refers to rt_list.o(i.os_psq_enq) for os_psq_enq
    rt_semaphore.o(i.isr_sem_send) refers to rt_system.o(i.os_psh_req) for os_psh_req
    rt_semaphore.o(i.os_sem_init) refers to rtx_config.o(i.tsk_unlock) for tsk_unlock
    rt_semaphore.o(i.os_sem_psh) refers to rt_list.o(i.os_get_first) for os_get_first
    rt_semaphore.o(i.os_sem_psh) refers to rt_list.o(i.os_rmv_dly) for os_rmv_dly
    rt_semaphore.o(i.os_sem_psh) refers to rt_list.o(i.os_put_prio) for os_put_prio
    rt_semaphore.o(i.os_sem_psh) refers to rt_list.o(.bss) for os_rdy
    rt_semaphore.o(i.os_sem_send) refers to rt_list.o(i.os_get_first) for os_get_first
    rt_semaphore.o(i.os_sem_send) refers to rt_list.o(i.os_rmv_dly) for os_rmv_dly
    rt_semaphore.o(i.os_sem_send) refers to rt_task.o(i.os_dispatch) for os_dispatch
    rt_semaphore.o(i.os_sem_send) refers to rtx_config.o(i.tsk_unlock) for tsk_unlock
    rt_semaphore.o(i.os_sem_wait) refers to rtx_config.o(i.tsk_unlock) for tsk_unlock
    rt_semaphore.o(i.os_sem_wait) refers to rt_list.o(i.os_put_prio) for os_put_prio
    rt_semaphore.o(i.os_sem_wait) refers to rt_task.o(i.os_block) for os_block
    rt_semaphore.o(i.os_sem_wait) refers to rt_task.o(.data) for os_runtask
    rt_timer.o(i.os_tmr_create) refers to rtx_config.o(i.tsk_unlock) for tsk_unlock
    rt_timer.o(i.os_tmr_create) refers to rtx_config.o(.data) for m_tmr
    rt_timer.o(i.os_tmr_create) refers to rt_timer.o(.data) for .data
    rt_timer.o(i.os_tmr_kill) refers to rtx_config.o(i.tsk_unlock) for tsk_unlock
    rt_timer.o(i.os_tmr_kill) refers to rt_timer.o(.data) for .data
    rt_timer.o(i.os_tmr_kill) refers to rtx_config.o(.data) for m_tmr
    rt_timer.o(i.os_tmr_tick) refers to rtx_config.o(i.os_tmr_call) for os_tmr_call
    rt_timer.o(i.os_tmr_tick) refers to rt_timer.o(.data) for .data
    rt_timer.o(i.os_tmr_tick) refers to rtx_config.o(.data) for m_tmr
    entry.o(.ARM.Collect$$$$00000000) refers (Special) to entry10a.o(.ARM.Collect$$$$0000000D) for __rt_final_cpp
    entry.o(.ARM.Collect$$$$00000000) refers (Special) to entry11a.o(.ARM.Collect$$$$0000000F) for __rt_final_exit
    entry.o(.ARM.Collect$$$$00000000) refers (Special) to entry7b.o(.ARM.Collect$$$$00000008) for _main_clock
    entry.o(.ARM.Collect$$$$00000000) refers (Special) to entry8b.o(.ARM.Collect$$$$0000000A) for _main_cpp_init
    entry.o(.ARM.Collect$$$$00000000) refers (Special) to entry9a.o(.ARM.Collect$$$$0000000B) for _main_init
    entry.o(.ARM.Collect$$$$00000000) refers (Special) to entry5.o(.ARM.Collect$$$$00000004) for _main_scatterload
    entry.o(.ARM.Collect$$$$00000000) refers (Special) to entry2.o(.ARM.Collect$$$$00000001) for _main_stk
    entry2.o(.ARM.Collect$$$$00000001) refers to entry2.o(.ARM.Collect$$$$00002712) for __lit__00000000
    entry2.o(.ARM.Collect$$$$00002712) refers to startup.o(STACK) for __initial_sp
    entry5.o(.ARM.Collect$$$$00000004) refers to init.o(.text) for __scatterload
    entry9a.o(.ARM.Collect$$$$0000000B) refers to project5.o(i.main) for main
    entry9b.o(.ARM.Collect$$$$0000000C) refers to project5.o(i.main) for main
    init.o(.text) refers to init.o(i.__ARM_common_call_via_r3) for __ARM_common_call_via_r3
    init.o(.text) refers to entry5.o(.ARM.Collect$$$$00000004) for __main_after_scatterload


==============================================================================

Removing Unused input sections from the image.

    Removing rtx_config.o(i.os_tmr_force_irq), (12 bytes).
    Removing startup.o(HEAP), (0 bytes).
    Removing rt_task.o(i.os_tsk_create_ex0), (4 bytes).
    Removing rt_task.o(i.os_tsk_delete), (516 bytes).
    Removing rt_task.o(i.os_tsk_pass), (72 bytes).
    Removing rt_time.o(i.os_itv_set), (40 bytes).
    Removing rt_time.o(i.os_itv_wait), (80 bytes).
    Removing rt_time.o(i.os_time_get), (16 bytes).
    Removing rt_event.o(i.isr_evt_set), (56 bytes).
    Removing rt_event.o(i.os_evt_clr), (64 bytes).
    Removing rt_event.o(i.os_evt_get), (20 bytes).
    Removing rt_system.o(.emb_text), (0 bytes).
    Removing rt_system.o(i.os_psh_req), (80 bytes).
    Removing rt_system.o(i.os_resume), (272 bytes).
    Removing rt_system.o(i.os_suspend), (76 bytes).
    Removing rt_list.o(i.os_get_same_rdy_prio), (52 bytes).
    Removing rt_list.o(i.os_psq_enq), (80 bytes).
    Removing rt_membox.o(i._calloc_box), (56 bytes).
    Removing rt_mailbox.o(i.isr_mbx_receive), (128 bytes).
    Removing rt_mailbox.o(i.isr_mbx_send), (16 bytes).
    Removing rt_mailbox.o(i.os_mbx_check), (16 bytes).
    Removing rt_mailbox.o(i.os_mbx_init), (72 bytes).
    Removing rt_mailbox.o(i.os_mbx_send), (268 bytes).
    Removing rt_mailbox.o(i.os_mbx_wait), (260 bytes).
    Removing rt_semaphore.o(i.isr_sem_send), (20 bytes).
    Removing rt_semaphore.o(i.os_sem_init), (44 bytes).
    Removing rt_semaphore.o(i.os_sem_send), (88 bytes).
    Removing rt_semaphore.o(i.os_sem_wait), (156 bytes).
    Removing rt_timer.o(i.os_tmr_create), (152 bytes).
    Removing rt_timer.o(i.os_tmr_kill), (116 bytes).

30 unused section(s) (total 2832 bytes) removed from the image.

==============================================================================

Adding Veneers to the image

    Adding AT veneer (8 bytes, Inline) for call to '__scatterload' from entry5.o(.ARM.Collect$$$$00000004).
    Adding TA veneer (8 bytes, Short) for call to '__main_after_scatterload' from init.o(.text).
    Adding AT veneer (12 bytes, Long) for call to 'os_switch_tasks_ret' from hal_arm.o(i.__SWI_0).
    Adding AT veneer (12 bytes, Long) for call to 'os_sys_manager_ret' from rt_system.o(i.os_sys_manager).
    Adding AT veneer (8 bytes, Inline) for call to 'os_tmr_init' from rt_task.o(i.os_sys_init1).
    Adding AT veneer (8 bytes, Inline) for call to 'os_tmr_inspect_cnt' from rt_system.o(i.os_sys_manager).
    Adding AT veneer (8 bytes, Inline) for call to 'os_tmr_inspect_ovf' from rt_system.o(i.os_sys_manager).
    Adding AT veneer (8 bytes, Inline) for call to 'tsk_unlock' from hal_arm.o(i.__SWI_0).

8 Veneer(s) (total 72 bytes) added to the image.

==============================================================================

Image Symbol Table

    Local Symbols

    Symbol Name                              Value     Ov Type        Size  Object(Section)

    RESET                                    0x00000000   Section      260  startup.o(RESET)
    ../clib/microlib/init/entry.s            0x00000000   Number         0  entry11b.o ABSOLUTE
    ../clib/microlib/init/entry.s            0x00000000   Number         0  entry11a.o ABSOLUTE
    ../clib/microlib/init/entry.s            0x00000000   Number         0  entry10b.o ABSOLUTE
    ../clib/microlib/init/entry.s            0x00000000   Number         0  entry10a.o ABSOLUTE
    ../clib/microlib/init/entry.s            0x00000000   Number         0  entry9b.o ABSOLUTE
    ../clib/microlib/init/entry.s            0x00000000   Number         0  entry8b.o ABSOLUTE
    ../clib/microlib/init/entry.s            0x00000000   Number         0  entry8a.o ABSOLUTE
    ../clib/microlib/init/entry.s            0x00000000   Number         0  entry7b.o ABSOLUTE
    ../clib/microlib/init/entry.s            0x00000000   Number         0  entry7a.o ABSOLUTE
    ../clib/microlib/init/entry.s            0x00000000   Number         0  entry5.o ABSOLUTE
    ../clib/microlib/init/entry.s            0x00000000   Number         0  entry2.o ABSOLUTE
    ../clib/microlib/init/entry.s            0x00000000   Number         0  entry9a.o ABSOLUTE
    ../clib/microlib/init/entry.s            0x00000000   Number         0  entry.o ABSOLUTE
    RTX_Config.c                             0x00000000   Number         0  rtx_config.o ABSOLUTE
    SRC\ARM\HAL_ARM.c                        0x00000000   Number         0  hal_arm.o ABSOLUTE
    SRC\ARM\SWI_Table.s                      0x00000000   Number         0  swi_table.o ABSOLUTE
    SRC\ARM\rt_Event.c                       0x00000000   Number         0  rt_event.o ABSOLUTE
    SRC\ARM\rt_List.c                        0x00000000   Number         0  rt_list.o ABSOLUTE
    SRC\ARM\rt_Mailbox.c                     0x00000000   Number         0  rt_mailbox.o ABSOLUTE
    SRC\ARM\rt_MemBox.c                      0x00000000   Number         0  rt_membox.o ABSOLUTE
    SRC\ARM\rt_Robin.c                       0x00000000   Number         0  rt_robin.o ABSOLUTE
    SRC\ARM\rt_Semaphore.c                   0x00000000   Number         0  rt_semaphore.o ABSOLUTE
    SRC\ARM\rt_System.c                      0x00000000   Number         0  rt_system.o ABSOLUTE
    SRC\ARM\rt_Task.c                        0x00000000   Number         0  rt_task.o ABSOLUTE
    SRC\ARM\rt_Time.c                        0x00000000   Number         0  rt_time.o ABSOLUTE
    SRC\ARM\rt_Timer.c                       0x00000000   Number         0  rt_timer.o ABSOLUTE
    SRC\\ARM\\HAL_ARM.c                      0x00000000   Number         0  hal_arm.o ABSOLUTE
    SRC\\ARM\\rt_System.c                    0x00000000   Number         0  rt_system.o ABSOLUTE
    Startup.s                                0x00000000   Number         0  startup.o ABSOLUTE
    dc.s                                     0x00000000   Number         0  dc.o ABSOLUTE
    handlers.s                               0x00000000   Number         0  handlers.o ABSOLUTE
    init.s                                   0x00000000   Number         0  init.o ABSOLUTE
    project5.c                               0x00000000   Number         0  project5.o ABSOLUTE
    Undef_Handler                            0x00000040   ARM Code       4  startup.o(RESET)
    PAbt_Handler                             0x00000044   ARM Code       4  startup.o(RESET)
    DAbt_Handler                             0x00000048   ARM Code       4  startup.o(RESET)
    IRQ_Handler                              0x0000004c   ARM Code       4  startup.o(RESET)
    FIQ_Handler                              0x00000050   ARM Code       4  startup.o(RESET)
    .ARM.Collect$$$$00000000                 0x00000104   Section        0  entry.o(.ARM.Collect$$$$00000000)
    .ARM.Collect$$$$00000001                 0x00000104   Section        4  entry2.o(.ARM.Collect$$$$00000001)
    .ARM.Collect$$$$00000004                 0x00000108   Section        4  entry5.o(.ARM.Collect$$$$00000004)
    .ARM.Collect$$$$00000008                 0x0000010c   Section        0  entry7b.o(.ARM.Collect$$$$00000008)
    .ARM.Collect$$$$0000000A                 0x0000010c   Section        0  entry8b.o(.ARM.Collect$$$$0000000A)
    .ARM.Collect$$$$0000000B                 0x0000010c   Section       12  entry9a.o(.ARM.Collect$$$$0000000B)
    .ARM.Collect$$$$0000000D                 0x00000118   Section        0  entry10a.o(.ARM.Collect$$$$0000000D)
    .ARM.Collect$$$$0000000F                 0x00000118   Section        0  entry11a.o(.ARM.Collect$$$$0000000F)
    .ARM.Collect$$$$00002712                 0x00000118   Section        4  entry2.o(.ARM.Collect$$$$00002712)
    __lit__00000000                          0x00000118   Data           4  entry2.o(.ARM.Collect$$$$00002712)
    .emb_text                                0x0000011c   Section      552  hal_arm.o(.emb_text)
    Switch_task                              0x000002bc   ARM Code       0  hal_arm.o(.emb_text)
    .text                                    0x0000034c   Section       32  init.o(.text)
    SWI_TABLE                                0x0000036c   Section       36  swi_table.o(SWI_TABLE)
    i.__ARM_common_call_via_r3               0x000003b0   Section        2  init.o(i.__ARM_common_call_via_r3)
    i.__SWI_0                                0x000003b4   Section        0  hal_arm.o(i.__SWI_0)
    i.__SWI_1                                0x00000400   Section        0  rt_membox.o(i.__SWI_1)
    i.__SWI_2                                0x00000418   Section        0  rt_membox.o(i.__SWI_2)
    i.__SWI_3                                0x0000043c   Section        0  hal_arm.o(i.__SWI_3)
    i.__SWI_4                                0x0000044c   Section        0  hal_arm.o(i.__SWI_4)
    i.__SWI_5                                0x0000045c   Section        0  rtx_config.o(i.__SWI_5)
    i.__SWI_6                                0x00000468   Section        0  hal_arm.o(i.__SWI_6)
    i.__SWI_7                                0x0000046c   Section        0  hal_arm.o(i.__SWI_7)
    i.__scatterload_copy                     0x00000470   Section       28  handlers.o(i.__scatterload_copy)
    i.__scatterload_null                     0x0000048c   Section        4  handlers.o(i.__scatterload_null)
    i.__scatterload_zeroinit                 0x00000490   Section       24  handlers.o(i.__scatterload_zeroinit)
    i._init_box                              0x000004a8   Section        0  rt_membox.o(i._init_box)
    i.job1                                   0x00000518   Section        0  project5.o(i.job1)
    i.job2                                   0x00000804   Section        0  project5.o(i.job2)
    i.main                                   0x0000095c   Section        0  project5.o(i.main)
    i.os_block                               0x00000994   Section        0  rt_task.o(i.os_block)
    i.os_chk_robin                           0x000009f8   Section        0  rt_robin.o(i.os_chk_robin)
    i.os_dec_dly                             0x00000a74   Section        0  rt_list.o(i.os_dec_dly)
    i.os_def_interrupt                       0x00000b50   Section        0  rtx_config.o(i.os_def_interrupt)
    os_def_interrupt                         0x00000b50   ARM Code      20  rtx_config.o(i.os_def_interrupt)
    i.os_dispatch                            0x00000b64   Section        0  rt_task.o(i.os_dispatch)
    i.os_dly_wait                            0x00000bd4   Section        0  rt_time.o(i.os_dly_wait)
    i.os_error                               0x00000bf4   Section        0  rtx_config.o(i.os_error)
    i.os_evt_psh                             0x00000bfc   Section        0  rt_event.o(i.os_evt_psh)
    i.os_evt_set                             0x00000c7c   Section        0  rt_event.o(i.os_evt_set)
    i.os_evt_wait                            0x00000d1c   Section        0  rt_event.o(i.os_evt_wait)
    i.os_get_first                           0x00000db4   Section        0  rt_list.o(i.os_get_first)
    i.os_idle_demon                          0x00000dfc   Section        0  rtx_config.o(i.os_idle_demon)
    i.os_init_context                        0x00000e04   Section        0  rt_task.o(i.os_init_context)
    os_init_context                          0x00000e04   ARM Code     120  rt_task.o(i.os_init_context)
    i.os_init_robin                          0x00000e80   Section        0  rt_robin.o(i.os_init_robin)
    i.os_init_stack                          0x00000ea8   Section        0  hal_arm.o(i.os_init_stack)
    i.os_irq_ack_lock                        0x00000f5c   Section        0  rtx_config.o(i.os_irq_ack_lock)
    i.os_mbx_psh                             0x00000f78   Section        0  rt_mailbox.o(i.os_mbx_psh)
    i.os_put_dly                             0x00001060   Section        0  rt_list.o(i.os_put_dly)
    i.os_put_prio                            0x000010ec   Section        0  rt_list.o(i.os_put_prio)
    i.os_put_rdy_first                       0x00001150   Section        0  rt_list.o(i.os_put_rdy_first)
    i.os_resort_prio                         0x0000116c   Section        0  rt_list.o(i.os_resort_prio)
    i.os_rmv_dly                             0x000011c4   Section        0  rt_list.o(i.os_rmv_dly)
    i.os_rmv_list                            0x00001210   Section        0  rt_list.o(i.os_rmv_list)
    i.os_sem_psh                             0x00001264   Section        0  rt_semaphore.o(i.os_sem_psh)
    i.os_stk_check                           0x000012b8   Section        0  hal_arm.o(i.os_stk_check)
    i.os_sys_init1                           0x000012f0   Section        0  rt_task.o(i.os_sys_init1)
    i.os_sys_manager                         0x00001440   Section        0  rt_system.o(i.os_sys_manager)
    i.os_tmr_call                            0x00001578   Section        0  rtx_config.o(i.os_tmr_call)
    i.os_tmr_init                            0x00001584   Section        0  rtx_config.o(i.os_tmr_init)
    i.os_tmr_inspect_cnt                     0x000015cc   Section        0  rtx_config.o(i.os_tmr_inspect_cnt)
    i.os_tmr_inspect_ovf                     0x000015e0   Section        0  rtx_config.o(i.os_tmr_inspect_ovf)
    i.os_tmr_tick                            0x000015f0   Section        0  rt_timer.o(i.os_tmr_tick)
    i.os_tsk_create0                         0x00001664   Section        0  rt_task.o(i.os_tsk_create0)
    i.os_tsk_prio                            0x00001734   Section        0  rt_task.o(i.os_tsk_prio)
    i.os_tsk_self                            0x00001814   Section        0  rt_task.o(i.os_tsk_self)
    i.tsk_unlock                             0x00001834   Section        0  rtx_config.o(i.tsk_unlock)
    .constdata                               0x00001840   Section       32  rtx_config.o(.constdata)
    __tagsym$$used                           0x0000184c   Number         0  rtx_config.o(.constdata)
    __tagsym$$used                           0x00001850   Number         0  rtx_config.o(.constdata)
    .constdata                               0x00001860   Section        4  rt_system.o(.constdata)
    __tagsym$$used                           0x00001860   Number         0  rt_system.o(.constdata)
    .data                                    0x40000000   Section        4  rtx_config.o(.data)
    .data                                    0x40000004   Section       32  project5.o(.data)
    .data                                    0x40000024   Section        4  rt_task.o(.data)
    .data                                    0x40000028   Section        4  rt_time.o(.data)
    .data                                    0x4000002c   Section        4  hal_arm.o(.data)
    .data                                    0x40000030   Section        1  hal_arm.o(.data)
    .data                                    0x40000034   Section        8  rt_system.o(.data)
    .data                                    0x4000003c   Section        8  rt_robin.o(.data)
    .data                                    0x40000044   Section        8  rt_timer.o(.data)
    .bss                                     0x40000050   Section     1924  rtx_config.o(.bss)
    .bss                                     0x400007d4   Section       56  rt_task.o(.bss)
    .bss                                     0x4000080c   Section       48  rt_list.o(.bss)
    STACK                                    0x40000840   Section      176  startup.o(STACK)
    Stack_Top                                0x400008f0   Data           0  startup.o(STACK)

    Global Symbols

    Symbol Name                              Value     Ov Type        Size  Object(Section)

    BuildAttributes$$THM_ISAv1$ARM_ISAv4$S$PE$A:L22$X:L11$S22$IEEE1$IW$USESV6$~STKCKD$USESV7$~SHL$OSPACE$EBA8$MICROLIB$REQ8$EABIv2 0x00000000   Number         0  anon$$obj.o ABSOLUTE
    __ARM_use_no_argv                        0x00000000   Number         0  project5.o ABSOLUTE
    __cpp_initialize__aeabi_                  - Undefined Weak Reference
    __cxa_finalize                            - Undefined Weak Reference
    __decompress                              - Undefined Weak Reference
    _clock_init                               - Undefined Weak Reference
    _microlib_exit                            - Undefined Weak Reference
    os_tmr_reload                             - Undefined Weak Reference
    rt_init                                   - Undefined Weak Reference
    rt_notify                                 - Undefined Weak Reference
    rt_post_taskswitch                        - Undefined Weak Reference
    Reset_Handler                            0x00000054   ARM Code       0  startup.o(RESET)
    __main                                   0x00000104   ARM Code       0  entry.o(.ARM.Collect$$$$00000000)
    _main_stk                                0x00000104   ARM Code       0  entry2.o(.ARM.Collect$$$$00000001)
    _main_scatterload                        0x00000108   ARM Code       0  entry5.o(.ARM.Collect$$$$00000004)
    __main_after_scatterload                 0x0000010c   ARM Code       0  entry5.o(.ARM.Collect$$$$00000004)
    _main_clock                              0x0000010c   ARM Code       0  entry7b.o(.ARM.Collect$$$$00000008)
    _main_cpp_init                           0x0000010c   ARM Code       0  entry8b.o(.ARM.Collect$$$$0000000A)
    _main_init                               0x0000010c   ARM Code       0  entry9a.o(.ARM.Collect$$$$0000000B)
    __rt_final_cpp                           0x00000118   ARM Code       0  entry10a.o(.ARM.Collect$$$$0000000D)
    __rt_final_exit                          0x00000118   ARM Code       0  entry11a.o(.ARM.Collect$$$$0000000F)
    _inc_qi                                  0x0000011c   ARM Code      64  hal_arm.o(.emb_text)
    _dec_qc                                  0x0000015c   ARM Code      36  hal_arm.o(.emb_text)
    os_set_env                               0x00000180   ARM Code      12  hal_arm.o(.emb_text)
    os_sys_init0                             0x0000018c   ARM Code      48  hal_arm.o(.emb_text)
    os_sys_run                               0x000001c8   ARM Code      28  hal_arm.o(.emb_text)
    os_clock_interrupt                       0x000001e4   ARM Code     128  hal_arm.o(.emb_text)
    os_sys_manager_ret                       0x00000251   Thumb Code     0  hal_arm.o(.emb_text)
    SWI_Handler                              0x00000278   ARM Code     196  hal_arm.o(.emb_text)
    os_switch_tasks_ret                      0x000002b5   Thumb Code     0  hal_arm.o(.emb_text)
    Inline ARM to Thumb Veneer to __scatterload 0x00000344   ARM Code       8  init.o(.text)
    __scatterload                            0x0000034d   Thumb Code    24  init.o(.text)
    __scatterload_rt2                        0x0000034d   Thumb Code     0  init.o(.text)
    SWI_Count                                0x0000036c   Data           4  swi_table.o(SWI_TABLE)
    SWI_Table                                0x00000370   Data           0  swi_table.o(SWI_TABLE)
    Short Thumb to ARM Veneer to __main_after_scatterload 0x00000391   Thumb Code     8  anon$$obj.o(Veneer$$Code)
    Long ARM to Thumb Veneer to os_switch_tasks_ret 0x00000398   ARM Code      12  anon$$obj.o(Veneer$$Code)
    Long ARM to Thumb Veneer to os_sys_manager_ret 0x000003a4   ARM Code      12  anon$$obj.o(Veneer$$Code)
    __ARM_common_call_via_r3                 0x000003b1   Thumb Code     2  init.o(i.__ARM_common_call_via_r3)
    __SWI_0                                  0x000003b4   ARM Code      72  hal_arm.o(i.__SWI_0)
    __SWI_1                                  0x00000400   ARM Code      24  rt_membox.o(i.__SWI_1)
    __SWI_2                                  0x00000418   ARM Code      36  rt_membox.o(i.__SWI_2)
    __SWI_3                                  0x0000043c   ARM Code      16  hal_arm.o(i.__SWI_3)
    __SWI_4                                  0x0000044c   ARM Code      16  hal_arm.o(i.__SWI_4)
    __SWI_5                                  0x0000045d   Thumb Code     8  rtx_config.o(i.__SWI_5)
    __SWI_6                                  0x00000468   ARM Code       4  hal_arm.o(i.__SWI_6)
    __SWI_7                                  0x0000046c   ARM Code       4  hal_arm.o(i.__SWI_7)
    __scatterload_copy                       0x00000470   ARM Code      28  handlers.o(i.__scatterload_copy)
    __RL_RTX_VER                             0x00000474   Number         0  rt_system.o ABSOLUTE
    __scatterload_null                       0x0000048c   ARM Code       4  handlers.o(i.__scatterload_null)
    __scatterload_zeroinit                   0x00000490   ARM Code      24  handlers.o(i.__scatterload_zeroinit)
    _init_box                                0x000004a8   ARM Code     112  rt_membox.o(i._init_box)
    job1                                     0x00000518   ARM Code     720  project5.o(i.job1)
    job2                                     0x00000804   ARM Code     328  project5.o(i.job2)
    main                                     0x0000095c   ARM Code      44  project5.o(i.main)
    os_block                                 0x00000994   ARM Code      88  rt_task.o(i.os_block)
    os_chk_robin                             0x000009f8   ARM Code     112  rt_robin.o(i.os_chk_robin)
    os_dec_dly                               0x00000a74   ARM Code     208  rt_list.o(i.os_dec_dly)
    os_dispatch                              0x00000b64   ARM Code     104  rt_task.o(i.os_dispatch)
    os_dly_wait                              0x00000bd4   ARM Code      32  rt_time.o(i.os_dly_wait)
    os_error                                 0x00000bf4   ARM Code       8  rtx_config.o(i.os_error)
    os_evt_psh                               0x00000bfc   ARM Code     124  rt_event.o(i.os_evt_psh)
    os_evt_set                               0x00000c7c   ARM Code     156  rt_event.o(i.os_evt_set)
    os_evt_wait                              0x00000d1c   ARM Code     148  rt_event.o(i.os_evt_wait)
    os_get_first                             0x00000db4   ARM Code      72  rt_list.o(i.os_get_first)
    os_idle_demon                            0x00000dfc   ARM Code       8  rtx_config.o(i.os_idle_demon)
    os_init_robin                            0x00000e80   ARM Code      32  rt_robin.o(i.os_init_robin)
    os_init_stack                            0x00000ea8   ARM Code     164  hal_arm.o(i.os_init_stack)
    os_irq_ack_lock                          0x00000f5d   Thumb Code    20  rtx_config.o(i.os_irq_ack_lock)
    os_mbx_psh                               0x00000f78   ARM Code     228  rt_mailbox.o(i.os_mbx_psh)
    os_put_dly                               0x00001060   ARM Code     136  rt_list.o(i.os_put_dly)
    os_put_prio                              0x000010ec   ARM Code     100  rt_list.o(i.os_put_prio)
    os_put_rdy_first                         0x00001150   ARM Code      24  rt_list.o(i.os_put_rdy_first)
    os_resort_prio                           0x0000116c   ARM Code      84  rt_list.o(i.os_resort_prio)
    os_rmv_dly                               0x000011c4   ARM Code      76  rt_list.o(i.os_rmv_dly)
    os_rmv_list                              0x00001210   ARM Code      80  rt_list.o(i.os_rmv_list)
    os_sem_psh                               0x00001264   ARM Code      80  rt_semaphore.o(i.os_sem_psh)
    os_stk_check                             0x000012b8   ARM Code      48  hal_arm.o(i.os_stk_check)
    os_sys_init1                             0x000012f0   ARM Code     268  rt_task.o(i.os_sys_init1)
    os_sys_manager                           0x00001440   ARM Code     292  rt_system.o(i.os_sys_manager)
    os_tmr_call                              0x00001578   ARM Code       4  rtx_config.o(i.os_tmr_call)
    Inline ARM to Thumb Veneer to os_tmr_init 0x0000157c   ARM Code       8  rtx_config.o(i.os_tmr_init)
    os_tmr_init                              0x00001585   Thumb Code    34  rtx_config.o(i.os_tmr_init)
    Inline ARM to Thumb Veneer to os_tmr_inspect_cnt 0x000015c4   ARM Code       8  rtx_config.o(i.os_tmr_inspect_cnt)
    os_tmr_inspect_cnt                       0x000015cd   Thumb Code     6  rtx_config.o(i.os_tmr_inspect_cnt)
    Inline ARM to Thumb Veneer to os_tmr_inspect_ovf 0x000015d8   ARM Code       8  rtx_config.o(i.os_tmr_inspect_ovf)
    os_tmr_inspect_ovf                       0x000015e1   Thumb Code    10  rtx_config.o(i.os_tmr_inspect_ovf)
    os_tmr_tick                              0x000015f0   ARM Code     108  rt_timer.o(i.os_tmr_tick)
    os_tsk_create0                           0x00001664   ARM Code     196  rt_task.o(i.os_tsk_create0)
    os_tsk_prio                              0x00001734   ARM Code     208  rt_task.o(i.os_tsk_prio)
    os_tsk_self                              0x00001814   ARM Code      20  rt_task.o(i.os_tsk_self)
    Inline ARM to Thumb Veneer to tsk_unlock 0x0000182c   ARM Code       8  rtx_config.o(i.tsk_unlock)
    tsk_unlock                               0x00001835   Thumb Code     8  rtx_config.o(i.tsk_unlock)
    os_maxtaskrun                            0x00001840   Data           2  rtx_config.o(.constdata)
    os_stackinfo                             0x00001844   Data           4  rtx_config.o(.constdata)
    os_rrobin                                0x00001848   Data           4  rtx_config.o(.constdata)
    os_clockrate                             0x0000184c   Data           4  rtx_config.o(.constdata)
    os_timernum                              0x00001850   Data           4  rtx_config.o(.constdata)
    mp_tcb_size                              0x00001854   Data           2  rtx_config.o(.constdata)
    mp_stk_size                              0x00001858   Data           4  rtx_config.o(.constdata)
    os_fifo_size                             0x0000185c   Data           1  rtx_config.o(.constdata)
    mp_tmr_size                              0x0000185e   Data           2  rtx_config.o(.constdata)
    RL_RTX_Version                           0x00001860   Data           4  rt_system.o(.constdata)
    Region$$Table$$Base                      0x00001864   Number         0  anon$$obj.o(Region$$Table)
    Region$$Table$$Limit                     0x00001884   Number         0  anon$$obj.o(Region$$Table)
    m_tmr                                    0x40000000   Data           4  rtx_config.o(.data)
    tsk1                                     0x40000004   Data           4  project5.o(.data)
    tsk2                                     0x40000008   Data           4  project5.o(.data)
    RE1                                      0x4000000c   Data           4  project5.o(.data)
    RE2                                      0x40000010   Data           4  project5.o(.data)
    cnt1                                     0x40000014   Data           4  project5.o(.data)
    cnt2                                     0x40000018   Data           4  project5.o(.data)
    cnt3                                     0x4000001c   Data           4  project5.o(.data)
    i                                        0x40000020   Data           4  project5.o(.data)
    os_runtask                               0x40000024   Data           4  rt_task.o(.data)
    os_time                                  0x40000028   Data           4  rt_time.o(.data)
    sys_stktop                               0x4000002c   Data           4  hal_arm.o(.data)
    sys_mode                                 0x40000030   Data           1  hal_arm.o(.data)
    os_psh                                   0x40000034   Data           8  rt_system.o(.data)
    os_robin                                 0x4000003c   Data           8  rt_robin.o(.data)
    os_tmr                                   0x40000044   Data           8  rt_timer.o(.data)
    mp_tcb                                   0x40000050   Data         348  rtx_config.o(.bss)
    mp_stk                                   0x400001b0   Data        1416  rtx_config.o(.bss)
    os_fifo                                  0x40000738   Data         132  rtx_config.o(.bss)
    os_active_TCB                            0x400007bc   Data          24  rtx_config.o(.bss)
    os_idle_TCB                              0x400007d4   Data          56  rt_task.o(.bss)
    os_rdy                                   0x4000080c   Data          24  rt_list.o(.bss)
    os_dly                                   0x40000824   Data          24  rt_list.o(.bss)
    __initial_sp                             0x40000890   Data          96  startup.o(STACK)



==============================================================================

Memory Map of the image

  Image Entry point : 0x00000104

  Load Region LR_IROM1 (Base: 0x00000000, Size: 0x000018d0, Max: 0x00080000, ABSOLUTE)

    Execution Region ER_IROM1 (Base: 0x00000000, Size: 0x00001884, Max: 0x00080000, ABSOLUTE)

    Base Addr    Size         Type   Attr      Idx    E Section Name        Object

    0x00000000   0x00000104   Code   RO           90    RESET               startup.o
    0x00000104   0x00000000   Code   RO          645  * .ARM.Collect$$$$00000000  mc_t.l(entry.o)
    0x00000104   0x00000004   Code   RO          648    .ARM.Collect$$$$00000001  mc_t.l(entry2.o)
    0x00000108   0x00000004   Code   RO          650    .ARM.Collect$$$$00000004  mc_t.l(entry5.o)
    0x0000010c   0x00000000   Code   RO          652    .ARM.Collect$$$$00000008  mc_t.l(entry7b.o)
    0x0000010c   0x00000000   Code   RO          654    .ARM.Collect$$$$0000000A  mc_t.l(entry8b.o)
    0x0000010c   0x0000000c   Code   RO          655    .ARM.Collect$$$$0000000B  mc_t.l(entry9a.o)
    0x00000118   0x00000000   Code   RO          657    .ARM.Collect$$$$0000000D  mc_t.l(entry10a.o)
    0x00000118   0x00000000   Code   RO          659    .ARM.Collect$$$$0000000F  mc_t.l(entry11a.o)
    0x00000118   0x00000004   Code   RO          649    .ARM.Collect$$$$00002712  mc_t.l(entry2.o)
    0x0000011c   0x00000228   Code   RO          303    .emb_text           RTX_ARM_LA.LIB(hal_arm.o)
    0x00000344   0x00000008   Ven    RO          661    .text               mc_t.l(init.o)
    0x0000034c   0x00000020   Code   RO          661    .text               mc_t.l(init.o)
    0x0000036c   0x00000024   Code   RO          531    SWI_TABLE           RTX_ARM_LA.LIB(swi_table.o)
    0x00000390   0x00000008   Ven    RO          678    Veneer$$Code        anon$$obj.o
    0x00000398   0x0000000c   Ven    RO          679    Veneer$$Code        anon$$obj.o
    0x000003a4   0x0000000c   Ven    RO          680    Veneer$$Code        anon$$obj.o
    0x000003b0   0x00000002   Code   RO          663    i.__ARM_common_call_via_r3  mc_t.l(init.o)
    0x000003b2   0x00000002   PAD
    0x000003b4   0x0000004c   Code   RO          304    i.__SWI_0           RTX_ARM_LA.LIB(hal_arm.o)
    0x00000400   0x00000018   Code   RO          501    i.__SWI_1           RTX_ARM_LA.LIB(rt_membox.o)
    0x00000418   0x00000024   Code   RO          502    i.__SWI_2           RTX_ARM_LA.LIB(rt_membox.o)
    0x0000043c   0x00000010   Code   RO          305    i.__SWI_3           RTX_ARM_LA.LIB(hal_arm.o)
    0x0000044c   0x00000010   Code   RO          306    i.__SWI_4           RTX_ARM_LA.LIB(hal_arm.o)
    0x0000045c   0x0000000c   Code   RO            1    i.__SWI_5           rtx_config.o
    0x00000468   0x00000004   Code   RO          307    i.__SWI_6           RTX_ARM_LA.LIB(hal_arm.o)
    0x0000046c   0x00000004   Code   RO          308    i.__SWI_7           RTX_ARM_LA.LIB(hal_arm.o)
    0x00000470   0x0000001c   Code   RO          667    i.__scatterload_copy  mc_t.l(handlers.o)
    0x0000048c   0x00000004   Code   RO          668    i.__scatterload_null  mc_t.l(handlers.o)
    0x00000490   0x00000018   Code   RO          669    i.__scatterload_zeroinit  mc_t.l(handlers.o)
    0x000004a8   0x00000070   Code   RO          504    i._init_box         RTX_ARM_LA.LIB(rt_membox.o)
    0x00000518   0x000002ec   Code   RO           94    i.job1              project5.o
    0x00000804   0x00000158   Code   RO           95    i.job2              project5.o
    0x0000095c   0x00000038   Code   RO           96    i.main              project5.o
    0x00000994   0x00000064   Code   RO          131    i.os_block          RTX_ARM_LA.LIB(rt_task.o)
    0x000009f8   0x0000007c   Code   RO          480    i.os_chk_robin      RTX_ARM_LA.LIB(rt_robin.o)
    0x00000a74   0x000000dc   Code   RO          408    i.os_dec_dly        RTX_ARM_LA.LIB(rt_list.o)
    0x00000b50   0x00000014   Code   RO            2    i.os_def_interrupt  rtx_config.o
    0x00000b64   0x00000070   Code   RO          132    i.os_dispatch       RTX_ARM_LA.LIB(rt_task.o)
    0x00000bd4   0x00000020   Code   RO          224    i.os_dly_wait       RTX_ARM_LA.LIB(rt_time.o)
    0x00000bf4   0x00000008   Code   RO            3    i.os_error          rtx_config.o
    0x00000bfc   0x00000080   Code   RO          264    i.os_evt_psh        RTX_ARM_LA.LIB(rt_event.o)
    0x00000c7c   0x000000a0   Code   RO          265    i.os_evt_set        RTX_ARM_LA.LIB(rt_event.o)
    0x00000d1c   0x00000098   Code   RO          266    i.os_evt_wait       RTX_ARM_LA.LIB(rt_event.o)
    0x00000db4   0x00000048   Code   RO          409    i.os_get_first      RTX_ARM_LA.LIB(rt_list.o)
    0x00000dfc   0x00000008   Code   RO            4    i.os_idle_demon     rtx_config.o
    0x00000e04   0x0000007c   Code   RO          133    i.os_init_context   RTX_ARM_LA.LIB(rt_task.o)
    0x00000e80   0x00000028   Code   RO          481    i.os_init_robin     RTX_ARM_LA.LIB(rt_robin.o)
    0x00000ea8   0x000000b4   Code   RO          309    i.os_init_stack     RTX_ARM_LA.LIB(hal_arm.o)
    0x00000f5c   0x0000001c   Code   RO            5    i.os_irq_ack_lock   rtx_config.o
    0x00000f78   0x000000e8   Code   RO          538    i.os_mbx_psh        RTX_ARM_LA.LIB(rt_mailbox.o)
    0x00001060   0x0000008c   Code   RO          412    i.os_put_dly        RTX_ARM_LA.LIB(rt_list.o)
    0x000010ec   0x00000064   Code   RO          413    i.os_put_prio       RTX_ARM_LA.LIB(rt_list.o)
    0x00001150   0x0000001c   Code   RO          414    i.os_put_rdy_first  RTX_ARM_LA.LIB(rt_list.o)
    0x0000116c   0x00000058   Code   RO          415    i.os_resort_prio    RTX_ARM_LA.LIB(rt_list.o)
    0x000011c4   0x0000004c   Code   RO          416    i.os_rmv_dly        RTX_ARM_LA.LIB(rt_list.o)
    0x00001210   0x00000054   Code   RO          417    i.os_rmv_list       RTX_ARM_LA.LIB(rt_list.o)
    0x00001264   0x00000054   Code   RO          584    i.os_sem_psh        RTX_ARM_LA.LIB(rt_semaphore.o)
    0x000012b8   0x00000038   Code   RO          310    i.os_stk_check      RTX_ARM_LA.LIB(hal_arm.o)
    0x000012f0   0x00000150   Code   RO          134    i.os_sys_init1      RTX_ARM_LA.LIB(rt_task.o)
    0x00001440   0x00000138   Code   RO          366    i.os_sys_manager    RTX_ARM_LA.LIB(rt_system.o)
    0x00001578   0x00000004   Code   RO            6    i.os_tmr_call       rtx_config.o
    0x0000157c   0x00000008   Ven    RO            8    i.os_tmr_init       rtx_config.o
    0x00001584   0x00000040   Code   RO            8    i.os_tmr_init       rtx_config.o
    0x000015c4   0x00000008   Ven    RO            9    i.os_tmr_inspect_cnt  rtx_config.o
    0x000015cc   0x0000000c   Code   RO            9    i.os_tmr_inspect_cnt  rtx_config.o
    0x000015d8   0x00000008   Ven    RO           10    i.os_tmr_inspect_ovf  rtx_config.o
    0x000015e0   0x00000010   Code   RO           10    i.os_tmr_inspect_ovf  rtx_config.o
    0x000015f0   0x00000074   Code   RO          620    i.os_tmr_tick       RTX_ARM_LA.LIB(rt_timer.o)
    0x00001664   0x000000d0   Code   RO          135    i.os_tsk_create0    RTX_ARM_LA.LIB(rt_task.o)
    0x00001734   0x000000e0   Code   RO          139    i.os_tsk_prio       RTX_ARM_LA.LIB(rt_task.o)
    0x00001814   0x00000018   Code   RO          140    i.os_tsk_self       RTX_ARM_LA.LIB(rt_task.o)
    0x0000182c   0x00000008   Ven    RO           11    i.tsk_unlock        rtx_config.o
    0x00001834   0x0000000c   Code   RO           11    i.tsk_unlock        rtx_config.o
    0x00001840   0x00000020   Data   RO           13    .constdata          rtx_config.o
    0x00001860   0x00000004   Data   RO          367    .constdata          RTX_ARM_LA.LIB(rt_system.o)
    0x00001864   0x00000020   Data   RO          665    Region$$Table       anon$$obj.o


    Execution Region RW_IRAM1 (Base: 0x40000000, Size: 0x000008f0, Max: 0x00008000, ABSOLUTE)

    Base Addr    Size         Type   Attr      Idx    E Section Name        Object

    0x40000000   0x00000004   Data   RW           14    .data               rtx_config.o
    0x40000004   0x00000020   Data   RW           97    .data               project5.o
    0x40000024   0x00000004   Data   RW          142    .data               RTX_ARM_LA.LIB(rt_task.o)
    0x40000028   0x00000004   Data   RW          228    .data               RTX_ARM_LA.LIB(rt_time.o)
    0x4000002c   0x00000004   Data   RW          311    .data               RTX_ARM_LA.LIB(hal_arm.o)
    0x40000030   0x00000001   Data   RW          312    .data               RTX_ARM_LA.LIB(hal_arm.o)
    0x40000031   0x00000003   PAD
    0x40000034   0x00000008   Data   RW          368    .data               RTX_ARM_LA.LIB(rt_system.o)
    0x4000003c   0x00000008   Data   RW          482    .data               RTX_ARM_LA.LIB(rt_robin.o)
    0x40000044   0x00000008   Data   RW          621    .data               RTX_ARM_LA.LIB(rt_timer.o)
    0x4000004c   0x00000004   PAD
    0x40000050   0x00000784   Zero   RW           12    .bss                rtx_config.o
    0x400007d4   0x00000038   Zero   RW          141    .bss                RTX_ARM_LA.LIB(rt_task.o)
    0x4000080c   0x00000030   Zero   RW          418    .bss                RTX_ARM_LA.LIB(rt_list.o)
    0x4000083c   0x00000004   PAD
    0x40000840   0x000000b0   Zero   RW           88    STACK               startup.o


==============================================================================

Image component sizes


      Code (inc. data)   RO Data    RW Data    ZI Data      Debug   Object Name

      1148         56          0         32          0       7102   project5.o
       184         58         32          4       1924      11773   rtx_config.o
       260         48          0          0        176        288   startup.o

    ----------------------------------------------------------------------
      1656        170         64         36       2100      19163   Object Totals
        64          8         32          0          0          0   (incl. Generated)
         0          0          0          0          0          0   (incl. Padding)

    ----------------------------------------------------------------------

      Code (inc. data)   RO Data    RW Data    ZI Data      Debug   Library Member Name

       904         68          0          5          0       4323   hal_arm.o
       440         12          0          0          0       2024   rt_event.o
       808         28          0          0         48       4638   rt_list.o
       232          4          0          0          0        761   rt_mailbox.o
       172          0          0          0          0       1660   rt_membox.o
       164         20          0          8          0       1098   rt_robin.o
        84          4          0          0          0        561   rt_semaphore.o
       312         20          4          8          0       1341   rt_system.o
      1128        124          0          4         56       6718   rt_task.o
        32          0          0          4          0        632   rt_time.o
       116          8          0          8          0        667   rt_timer.o
        36         36          0          0          0        172   swi_table.o
         0          0          0          0          0          0   entry.o
         0          0          0          0          0          0   entry10a.o
         0          0          0          0          0          0   entry11a.o
         8          4          0          0          0          0   entry2.o
         4          0          0          0          0          0   entry5.o
         0          0          0          0          0          0   entry7b.o
         0          0          0          0          0          0   entry8b.o
        12          4          0          0          0          0   entry9a.o
        56          0          0          0          0          0   handlers.o
        42          8          0          0          0        136   init.o

    ----------------------------------------------------------------------
      4552        340          4         40        112      24731   Library Totals
         2          0          0          3          8          0   (incl. Padding)

    ----------------------------------------------------------------------

      Code (inc. data)   RO Data    RW Data    ZI Data      Debug   Library Name

      4428        324          4         37        104      24595   RTX_ARM_LA.LIB
       122         16          0          0          0        136   mc_t.l

    ----------------------------------------------------------------------
      4552        340          4         40        112      24731   Library Totals

    ----------------------------------------------------------------------

==============================================================================


      Code (inc. data)   RO Data    RW Data    ZI Data      Debug   

      6208        510         68         76       2212      42094   Grand Totals
      6208        510         68         76       2212      42094   ELF Image Totals
      6208        510         68         76          0          0   ROM Totals

==============================================================================

    Total RO  Size (Code + RO Data)                 6276 (   6.13kB)
    Total RW  Size (RW Data + ZI Data)              2288 (   2.23kB)
    Total ROM Size (Code + RO Data + RW Data)       6352 (   6.20kB)

==============================================================================

